// Vitest Snapshot v1, https://vitest.dev/guide/snapshot.html

exports[`инвентарь data-testid > не теряет идентификаторов, на которые ходит e2e 1`] = `
[
  "*-empty",
  "*-loading",
  "*-row-*",
  "account-borrowed",
  "account-deposit-button",
  "account-equity",
  "account-exposure",
  "account-history-table",
  "account-leverage",
  "account-panel",
  "account-unrealized-pnl",
  "account-value",
  "account-withdraw-button",
  "app-brand",
  "app-root",
  "available-margin",
  "book-ask-*",
  "book-bid-*",
  "book-empty",
  "book-error",
  "book-imbalance",
  "book-imbalance-ask",
  "book-imbalance-bid",
  "book-loading",
  "book-no-market",
  "book-slot-empty",
  "book-spread",
  "book-tick-option-*",
  "book-tick-select",
  "book-unavailable",
  "book-view-asks",
  "book-view-bids",
  "book-view-both",
  "bottom-fullscreen-toggle",
  "bottom-panel",
  "cancel-order-*",
  "change-unit-pct",
  "change-unit-usd",
  "chart-collapse-toggle",
  "chart-frame",
  "chart-interval-*",
  "chart-panel",
  "chart-range-*",
  "chart-scale-auto",
  "chart-scale-log",
  "chart-scale-percent",
  "close-all-button",
  "close-position-*",
  "close-positions-cancel",
  "close-positions-confirm",
  "close-positions-dialog",
  "close-positions-error",
  "close-summary-*",
  "conditional-fields",
  "connect-wallet-button",
  "create-account-button",
  "create-account-error",
  "deposit-amount-input",
  "deposit-balance",
  "deposit-cancel-button",
  "deposit-dialog",
  "deposit-error",
  "deposit-max-button",
  "deposit-submit-button",
  "deposit-validation",
  "dialog-overlay",
  "edit-tpsl-*",
  "entry-sl-input",
  "entry-tp-input",
  "flag-ioc",
  "flag-post-only",
  "flag-reduce-only",
  "funding-history-table",
  "funding-rate",
  "insufficient-margin",
  "leverage-option-*",
  "leverage-select",
  "leverage-value",
  "limit-price-input",
  "market-change",
  "market-favorite-*",
  "market-header",
  "market-pill",
  "market-price",
  "market-row-*",
  "market-search-input",
  "market-search-popover",
  "market-search-scope-all",
  "market-search-scope-favorites",
  "market-tab-*",
  "market-tab-close-*",
  "market-tabs",
  "market-tabs-add",
  "mid-price-button",
  "open-deposit-button",
  "open-withdraw-button",
  "order-cost",
  "order-history-table",
  "order-liq-price",
  "order-qty",
  "order-rejection",
  "order-summary",
  "order-value",
  "order-warning",
  "orderbook-panel",
  "orderbook-tab-book",
  "orderbook-tab-trades",
  "orders-table",
  "position-history-table",
  "positions-table",
  "session-disconnected",
  "session-key-button",
  "session-key-create-*",
  "session-key-modal-close",
  "session-key-modal-overlay",
  "session-key-revoke-button",
  "session-loading",
  "session-needs-signin",
  "session-no-account",
  "session-toolbar",
  "session-wrong-chain",
  "signin-button",
  "signin-debug",
  "signin-error",
  "size-input",
  "size-pct-slider",
  "size-pct-value",
  "size-quote-value",
  "size-unit-base",
  "size-unit-select",
  "size-unit-usd",
  "stat-funding",
  "stat-mark-price",
  "stat-open-interest",
  "stat-spot-price",
  "stat-volume-24h",
  "submit-buy-button",
  "submit-sell-button",
  "switch-chain-button",
  "switch-chain-error",
  "table-column-toggle-*",
  "table-columns-button",
  "table-columns-menu",
  "table-filter-button",
  "table-filter-menu",
  "table-filter-option-*",
  "table-filter-option-all",
  "table-header-*",
  "table-toolbar",
  "tape-empty",
  "tape-loading",
  "tape-no-market",
  "tape-row-*",
  "tape-slot-empty",
  "terminal-root",
  "ticket-available",
  "ticket-deposit-button",
  "tpsl-cancel",
  "tpsl-dialog",
  "tpsl-error",
  "tpsl-fields",
  "tpsl-save",
  "tpsl-sl-input",
  "tpsl-toggle",
  "tpsl-tp-input",
  "trade-error",
  "trade-form",
  "trade-history-table",
  "trade-tab-*",
  "trigger-above-button",
  "trigger-below-button",
  "trigger-price-input",
  "userinfo",
  "userinfo-tab-*",
  "userinfo-tab-badge-open-orders",
  "wallet-address-button",
  "wallet-debug",
  "withdraw-amount-input",
  "withdraw-balance",
  "withdraw-cancel-button",
  "withdraw-debt-notice",
  "withdraw-dialog",
  "withdraw-error",
  "withdraw-max-button",
  "withdraw-submit-button",
  "withdraw-validation",
]
`;
