// Vitest Snapshot v1, https://vitest.dev/guide/snapshot.html

exports[`инвентарь data-testid > не теряет идентификаторов, на которые ходит e2e 1`] = `
[
  "app-brand",
  "app-root",
  "available-margin",
  "book-ask-*",
  "book-bid-*",
  "book-empty",
  "book-error",
  "book-imbalance",
  "book-imbalance-ask",
  "book-imbalance-bid",
  "book-loading",
  "book-no-market",
  "book-slot-empty",
  "book-spread",
  "book-tick-option-*",
  "book-tick-select",
  "book-unavailable",
  "book-view-asks",
  "book-view-bids",
  "book-view-both",
  "bottom-fullscreen-toggle",
  "bottom-panel",
  "cancel-order-*",
  "chart-collapse-toggle",
  "chart-panel",
  "conditional-fields",
  "connect-wallet-button",
  "create-account-button",
  "create-account-error",
  "deposit-amount-input",
  "deposit-balance",
  "deposit-cancel-button",
  "deposit-dialog",
  "deposit-error",
  "deposit-max-button",
  "deposit-submit-button",
  "deposit-validation",
  "dialog-overlay",
  "entry-sl-input",
  "entry-tp-input",
  "flag-ioc",
  "flag-post-only",
  "flag-reduce-only",
  "funding-rate",
  "history-empty",
  "history-table",
  "insufficient-margin",
  "leverage-option-*",
  "leverage-select",
  "leverage-value",
  "limit-price-input",
  "market-header",
  "market-price",
  "market-select",
  "mid-price-button",
  "open-deposit-button",
  "open-withdraw-button",
  "order-cost",
  "order-liq-price",
  "order-qty",
  "order-rejection",
  "order-row-*",
  "order-summary",
  "order-value",
  "order-warning",
  "orderbook-panel",
  "orderbook-tab-book",
  "orderbook-tab-trades",
  "orders-empty",
  "orders-table",
  "position-row-*",
  "positions-empty",
  "positions-loading",
  "positions-table",
  "session-disconnected",
  "session-key-button",
  "session-key-create-*",
  "session-key-modal-close",
  "session-key-modal-overlay",
  "session-key-revoke-button",
  "session-loading",
  "session-needs-signin",
  "session-no-account",
  "session-toolbar",
  "session-wrong-chain",
  "signin-button",
  "signin-debug",
  "signin-error",
  "size-input",
  "size-pct-slider",
  "size-pct-value",
  "size-quote-value",
  "size-unit-base",
  "size-unit-select",
  "size-unit-usd",
  "submit-buy-button",
  "submit-sell-button",
  "switch-chain-button",
  "switch-chain-error",
  "tape-empty",
  "tape-loading",
  "tape-no-market",
  "tape-row-*",
  "tape-slot-empty",
  "terminal-root",
  "ticket-available",
  "ticket-deposit-button",
  "tpsl-fields",
  "tpsl-toggle",
  "trade-error",
  "trade-form",
  "trade-row-*",
  "trade-tab-*",
  "trigger-above-button",
  "trigger-below-button",
  "trigger-price-input",
  "userinfo",
  "userinfo-tab-*",
  "wallet-address-button",
  "wallet-debug",
  "withdraw-amount-input",
  "withdraw-balance",
  "withdraw-cancel-button",
  "withdraw-debt-notice",
  "withdraw-dialog",
  "withdraw-error",
  "withdraw-max-button",
  "withdraw-submit-button",
  "withdraw-validation",
]
`;
