// Vitest Snapshot v1, https://vitest.dev/guide/snapshot.html

exports[`инвентарь data-testid > не теряет идентификаторов, на которые ходит e2e 1`] = `
[
  "app-brand",
  "app-root",
  "available-margin",
  "cancel-order-*",
  "conditional-fields",
  "connect-wallet-button",
  "create-account-button",
  "create-account-error",
  "deposit-amount-input",
  "deposit-balance",
  "deposit-cancel-button",
  "deposit-dialog",
  "deposit-error",
  "deposit-max-button",
  "deposit-submit-button",
  "deposit-validation",
  "dialog-overlay",
  "entry-sl-input",
  "entry-tp-input",
  "funding-rate",
  "history-empty",
  "history-table",
  "insufficient-margin",
  "leverage-slider",
  "leverage-value",
  "limit-price-input",
  "market-header",
  "market-price",
  "market-select",
  "open-deposit-button",
  "open-withdraw-button",
  "order-liq-price",
  "order-margin",
  "order-row-*",
  "order-summary",
  "order-warning",
  "orders-empty",
  "orders-table",
  "position-row-*",
  "positions-empty",
  "positions-loading",
  "positions-table",
  "session-disconnected",
  "session-key-button",
  "session-key-create-*",
  "session-key-modal-close",
  "session-key-modal-overlay",
  "session-key-revoke-button",
  "session-loading",
  "session-needs-signin",
  "session-no-account",
  "session-toolbar",
  "session-wrong-chain",
  "side-long-button",
  "side-short-button",
  "signin-button",
  "signin-debug",
  "signin-error",
  "size-input",
  "size-max-button",
  "size-pct-*",
  "size-pct-slider",
  "size-pct-value",
  "size-unit-toggle",
  "submit-order-button",
  "switch-chain-button",
  "switch-chain-error",
  "terminal-root",
  "tpsl-fields",
  "tpsl-toggle",
  "trade-error",
  "trade-form",
  "trade-preview",
  "trade-row-*",
  "trade-tab-*",
  "trigger-above-button",
  "trigger-below-button",
  "trigger-price-input",
  "userinfo",
  "userinfo-tab-*",
  "wallet-address-button",
  "wallet-debug",
  "withdraw-amount-input",
  "withdraw-balance",
  "withdraw-cancel-button",
  "withdraw-debt-notice",
  "withdraw-dialog",
  "withdraw-error",
  "withdraw-max-button",
  "withdraw-submit-button",
  "withdraw-validation",
]
`;
